[debug] [2026-01-17T17:31:20.702Z] ----------------------------------------------------------------------
[debug] [2026-01-17T17:31:20.707Z] Command:       D:\node.js\node.exe C:\Users\naifa\AppData\Roaming\npm\node_modules\firebase-tools\lib\bin\firebase.js init
[debug] [2026-01-17T17:31:20.708Z] CLI Version:   15.3.1
[debug] [2026-01-17T17:31:20.708Z] Platform:      win32
[debug] [2026-01-17T17:31:20.708Z] Node Version:  v22.21.0
[debug] [2026-01-17T17:31:20.709Z] Time:          Sat Jan 17 2026 22:31:20 GMT+0500 (Pakistan Standard Time)
[debug] [2026-01-17T17:31:20.709Z] ----------------------------------------------------------------------
[debug] 
[info] 
     ######## #### ########  ######## ########     ###     ######  ########
     ##        ##  ##     ## ##       ##     ##  ##   ##  ##       ##
     ######    ##  ########  ######   ########  #########  ######  ######
     ##        ##  ##    ##  ##       ##     ## ##     ##       ## ##
     ##       #### ##     ## ######## ########  ##     ##  ######  ########

You're about to initialize a Firebase project in this directory:

  D:\codeq

[info] 
=== Project Setup
[info] 
[info] First, let's associate this project directory with a Firebase project.
[info] You can create multiple project aliases by running firebase use --add, 
[info] 
[debug] [2026-01-17T17:31:33.760Z] > command requires scopes: ["email","openid","https://www.googleapis.com/auth/cloudplatformprojects.readonly","https://www.googleapis.com/auth/firebase","https://www.googleapis.com/auth/cloud-platform"]
[debug] [2026-01-17T17:31:33.761Z] > authorizing via signed-in user (bscs-22f-0057@stmu.edu.pk)
[debug] [2026-01-17T17:31:33.763Z] Checked if tokens are valid: true, expires at: 1768672501672
[debug] [2026-01-17T17:31:33.763Z] Checked if tokens are valid: true, expires at: 1768672501672
[debug] [2026-01-17T17:31:33.766Z] >>> [apiv2][query] GET https://firebase.googleapis.com/v1beta1/projects pageSize=100
[debug] [2026-01-17T17:31:34.731Z] <<< [apiv2][status] GET https://firebase.googleapis.com/v1beta1/projects 200
[debug] [2026-01-17T17:31:34.731Z] <<< [apiv2][body] GET https://firebase.googleapis.com/v1beta1/projects [omitted]
[info] 
=== Functions Setup
[debug] [2026-01-17T17:31:35.968Z] > command requires scopes: ["email","openid","https://www.googleapis.com/auth/cloudplatformprojects.readonly","https://www.googleapis.com/auth/firebase","https://www.googleapis.com/auth/cloud-platform"]
[debug] [2026-01-17T17:31:35.969Z] > authorizing via signed-in user (bscs-22f-0057@stmu.edu.pk)
[debug] [2026-01-17T17:31:35.969Z] [iam] checking project codequackdb-a4bb4 for permissions ["firebase.projects.get"]
[debug] [2026-01-17T17:31:35.970Z] Checked if tokens are valid: true, expires at: 1768672501672
[debug] [2026-01-17T17:31:35.970Z] Checked if tokens are valid: true, expires at: 1768672501672
[debug] [2026-01-17T17:31:35.970Z] >>> [apiv2][query] POST https://cloudresourcemanager.googleapis.com/v1/projects/codequackdb-a4bb4:testIamPermissions [none]
[debug] [2026-01-17T17:31:35.970Z] >>> [apiv2][(partial)header] POST https://cloudresourcemanager.googleapis.com/v1/projects/codequackdb-a4bb4:testIamPermissions x-goog-quota-user=projects/codequackdb-a4bb4
[debug] [2026-01-17T17:31:35.970Z] >>> [apiv2][body] POST https://cloudresourcemanager.googleapis.com/v1/projects/codequackdb-a4bb4:testIamPermissions {"permissions":["firebase.projects.get"]}
[debug] [2026-01-17T17:31:37.514Z] <<< [apiv2][status] POST https://cloudresourcemanager.googleapis.com/v1/projects/codequackdb-a4bb4:testIamPermissions 200
[debug] [2026-01-17T17:31:37.514Z] <<< [apiv2][body] POST https://cloudresourcemanager.googleapis.com/v1/projects/codequackdb-a4bb4:testIamPermissions {"permissions":["firebase.projects.get"]}
[info] Let's create a new codebase for your functions.
[info] A directory corresponding to the codebase will be created in your project
[info] with sample code pre-configured.

[info] See https://firebase.google.com/docs/functions/organize-functions for
[info] more information on organizing your functions using codebases.

[info] Functions can be deployed with firebase deploy.

[info] +  Wrote functions/package.json 
[info] +  Wrote functions/index.js 
[info] +  Wrote functions/.gitignore 
